\BOOKMARK [1][-]{section*.1}{\376\377\000A\000g\000r\000a\000d\000e\000c\000i\000m\000i\000e\000n\000t\000o\000s}{}% 1
\BOOKMARK [1][-]{section*.2}{\376\377\000A\000b\000s\000t\000r\000a\000c\000t}{}% 2
\BOOKMARK [1][-]{section*.3}{\376\377\000R\000e\000s\000u\000m\000e\000n}{}% 3
\BOOKMARK [1][-]{chapter*.4}{\376\377\000\315\000n\000d\000i\000c\000e\000\040\000d\000e\000\040\000f\000i\000g\000u\000r\000a\000s}{}% 4
\BOOKMARK [1][-]{chapter*.5}{\376\377\000\315\000n\000d\000i\000c\000e\000\040\000d\000e\000\040\000t\000a\000b\000l\000a\000s}{}% 5
\BOOKMARK [0][-]{chapter.1}{\376\377\000I\000n\000t\000r\000o\000d\000u\000c\000t\000i\000o\000n}{}% 6
\BOOKMARK [0][-]{chapter.2}{\376\377\000E\000s\000t\000a\000d\000o\000\040\000d\000e\000l\000\040\000a\000r\000t\000e}{}% 7
\BOOKMARK [1][-]{section.2.1}{\376\377\000M\000a\000r\000c\000o\000\040\000T\000e\000\363\000r\000i\000c\000o}{chapter.2}% 8
\BOOKMARK [2][-]{subsection.2.1.1}{\376\377\000C\000r\000i\000p\000t\000o\000g\000r\000a\000f\000\355\000a\000\040\000c\000l\000\341\000s\000i\000c\000a\000\040\000y\000\040\000p\000o\000s\000t\000-\000c\000u\000\341\000n\000t\000i\000c\000a}{section.2.1}% 9
\BOOKMARK [2][-]{subsection.2.1.2}{\376\377\000E\000s\000q\000u\000e\000m\000a\000\040\000H\000Q\000C\000\040\000y\000\040\000s\000u\000\040\000r\000e\000l\000e\000v\000a\000n\000c\000i\000a\000\040\000d\000e\000n\000t\000r\000o\000\040\000d\000e\000\040\000l\000a\000\040\000c\000r\000i\000p\000t\000o\000g\000r\000a\000f\000\355\000a\000\040\000p\000o\000s\000t\000-\000c\000u\000\341\000n\000t\000i\000c\000a}{section.2.1}% 10
\BOOKMARK [2][-]{subsection.2.1.3}{\376\377\000S\000i\000s\000t\000e\000m\000a\000s\000\040\000e\000m\000b\000e\000b\000i\000d\000o\000s\000\040\000e\000\040\000I\000o\000T}{section.2.1}% 11
\BOOKMARK [2][-]{subsection.2.1.4}{\376\377\000S\000e\000g\000u\000r\000i\000d\000a\000d\000\040\000e\000n\000\040\000I\000o\000T\000\040\000y\000\040\000a\000p\000l\000i\000c\000a\000c\000i\000\363\000n\000\040\000d\000e\000\040\000c\000r\000i\000p\000t\000o\000g\000r\000a\000f\000\355\000a\000\040\000p\000o\000s\000t\000-\000c\000u\000\341\000n\000t\000i\000c\000a}{section.2.1}% 12
\BOOKMARK [1][-]{section.2.2}{\376\377\000T\000r\000a\000b\000a\000j\000o\000s\000\040\000R\000e\000l\000a\000c\000i\000o\000n\000a\000d\000o\000s}{chapter.2}% 13
\BOOKMARK [2][-]{subsection.2.2.1}{\376\377\000T\000r\000a\000b\000a\000j\000o\000\137\0001}{section.2.2}% 14
\BOOKMARK [2][-]{subsection.2.2.2}{\376\377\000T\000r\000a\000b\000a\000j\000o\000\137\0002}{section.2.2}% 15
\BOOKMARK [1][-]{section.2.3}{\376\377\000O\000b\000j\000e\000t\000i\000v\000o\000s}{chapter.2}% 16
\BOOKMARK [0][-]{chapter.3}{\376\377\000M\000e\000t\000o\000d\000o\000l\000o\000g\000\355\000a\000\040\000y\000\040\000D\000e\000s\000a\000r\000r\000o\000l\000l\000o}{}% 17
\BOOKMARK [0][-]{chapter.4}{\376\377\000R\000e\000s\000u\000l\000t\000a\000d\000o\000s}{}% 18
\BOOKMARK [0][-]{chapter.5}{\376\377\000D\000i\000s\000c\000u\000s\000i\000\363\000n}{}% 19
\BOOKMARK [0][-]{chapter.6}{\376\377\000C\000o\000n\000c\000l\000u\000s\000i\000o\000n\000e\000s}{}% 20
\BOOKMARK [0][-]{appendix*.11}{\376\377\000A\000n\000e\000x\000o\000s}{}% 21
